Release 14.7 - xst P.20131013 (nt64)
Copyright (c) 1995-2013 Xilinx, Inc.  All rights reserved.
--> Parameter TMPDIR set to xst/projnav.tmp


Total REAL time to Xst completion: 0.00 secs
Total CPU time to Xst completion: 0.17 secs
 
--> Parameter xsthdpdir set to xst


Total REAL time to Xst completion: 0.00 secs
Total CPU time to Xst completion: 0.17 secs
 
--> Reading design: test4.prj

TABLE OF CONTENTS
  1) Synthesis Options Summary
  2) HDL Parsing
  3) HDL Elaboration
  4) HDL Synthesis
       4.1) HDL Synthesis Report
  5) Advanced HDL Synthesis
       5.1) Advanced HDL Synthesis Report
  6) Low Level Synthesis
  7) Partition Report
  8) Design Summary
       8.1) Primitive and Black Box Usage
       8.2) Device utilization summary
       8.3) Partition Resource Summary
       8.4) Timing Report
            8.4.1) Clock Information
            8.4.2) Asynchronous Control Signals Information
            8.4.3) Timing Summary
            8.4.4) Timing Details
            8.4.5) Cross Clock Domains Report


=========================================================================
*                      Synthesis Options Summary                        *
=========================================================================
---- Source Parameters
Input File Name                    : "test4.prj"
Ignore Synthesis Constraint File   : NO

---- Target Parameters
Output File Name                   : "test4"
Output Format                      : NGC
Target Device                      : xc7a100t-3-csg324

---- Source Options
Top Module Name                    : test4
Automatic FSM Extraction           : YES
FSM Encoding Algorithm             : Auto
Safe Implementation                : No
FSM Style                          : LUT
RAM Extraction                     : Yes
RAM Style                          : Auto
ROM Extraction                     : Yes
Shift Register Extraction          : YES
ROM Style                          : Auto
Resource Sharing                   : YES
Asynchronous To Synchronous        : NO
Shift Register Minimum Size        : 2
Use DSP Block                      : Auto
Automatic Register Balancing       : No

---- Target Options
LUT Combining                      : Auto
Reduce Control Sets                : Auto
Add IO Buffers                     : YES
Global Maximum Fanout              : 100000
Add Generic Clock Buffer(BUFG)     : 32
Register Duplication               : YES
Optimize Instantiated Primitives   : NO
Use Clock Enable                   : Auto
Use Synchronous Set                : Auto
Use Synchronous Reset              : Auto
Pack IO Registers into IOBs        : Auto
Equivalent register Removal        : YES

---- General Options
Optimization Goal                  : Speed
Optimization Effort                : 1
Power Reduction                    : NO
Keep Hierarchy                     : No
Netlist Hierarchy                  : As_Optimized
RTL Output                         : Yes
Global Optimization                : AllClockNets
Read Cores                         : YES
Write Timing Constraints           : NO
Cross Clock Analysis               : NO
Hierarchy Separator                : /
Bus Delimiter                      : <>
Case Specifier                     : Maintain
Slice Utilization Ratio            : 100
BRAM Utilization Ratio             : 100
DSP48 Utilization Ratio            : 100
Auto BRAM Packing                  : NO
Slice Utilization Ratio Delta      : 5

=========================================================================


=========================================================================
*                          HDL Parsing                                  *
=========================================================================
Analyzing Verilog file "D:\digitalLogic_slides\random\prj1\test4.vf" into library work
Parsing module <FD8CE_HXILINX_test4>.
Parsing module <CB4CE_HXILINX_test4>.
Parsing module <ADD4_HXILINX_test4>.
Parsing module <ADD8_HXILINX_test4>.
Parsing module <FD4CE_HXILINX_test4>.
Parsing module <FTCE_HXILINX_test4>.
Parsing module <test4>.

=========================================================================
*                            HDL Elaboration                            *
=========================================================================

Elaborating module <test4>.

Elaborating module <VCC>.

Elaborating module <CB4CE_HXILINX_test4>.
WARNING:HDLCompiler:413 - "D:\digitalLogic_slides\random\prj1\test4.vf" Line 72: Result of 5-bit expression is truncated to fit in 4-bit target.

Elaborating module <AND2>.

Elaborating module <OR2>.

Elaborating module <ADD4_HXILINX_test4>.

Elaborating module <GND>.

Elaborating module <FD4CE_HXILINX_test4>.

Elaborating module <ADD8_HXILINX_test4>.

Elaborating module <FD8CE_HXILINX_test4>.

Elaborating module <INV>.

Elaborating module <FTCE_HXILINX_test4(INIT=1'b0)>.

Elaborating module <NOR2>.

Elaborating module <NOR3>.

=========================================================================
*                           HDL Synthesis                               *
=========================================================================

Synthesizing Unit <test4>.
    Related source file is "D:\digitalLogic_slides\random\prj1\test4.vf".
    Set property "HU_SET = XLXI_24_2" for instance <XLXI_24>.
    Set property "HU_SET = XLXI_34_1" for instance <XLXI_34>.
    Set property "HU_SET = XLXI_60_0" for instance <XLXI_60>.
    Set property "HU_SET = XLXI_138_6" for instance <XLXI_138>.
    Set property "HU_SET = XLXI_140_5" for instance <XLXI_140>.
    Set property "HU_SET = XLXI_227_7" for instance <XLXI_227>.
    Set property "HU_SET = XLXI_232_3" for instance <XLXI_232>.
    Set property "HU_SET = XLXI_233_4" for instance <XLXI_233>.
    Set property "HU_SET = XLXI_389_8" for instance <XLXI_389>.
    Set property "HU_SET = XLXI_390_9" for instance <XLXI_390>.
INFO:Xst:3210 - "D:\digitalLogic_slides\random\prj1\test4.vf" line 249: Output port <CEO> of the instance <XLXI_24> is unconnected or connected to loadless signal.
INFO:Xst:3210 - "D:\digitalLogic_slides\random\prj1\test4.vf" line 249: Output port <TC> of the instance <XLXI_24> is unconnected or connected to loadless signal.
INFO:Xst:3210 - "D:\digitalLogic_slides\random\prj1\test4.vf" line 265: Output port <CO> of the instance <XLXI_34> is unconnected or connected to loadless signal.
INFO:Xst:3210 - "D:\digitalLogic_slides\random\prj1\test4.vf" line 265: Output port <OFL> of the instance <XLXI_34> is unconnected or connected to loadless signal.
INFO:Xst:3210 - "D:\digitalLogic_slides\random\prj1\test4.vf" line 297: Output port <CO> of the instance <XLXI_138> is unconnected or connected to loadless signal.
INFO:Xst:3210 - "D:\digitalLogic_slides\random\prj1\test4.vf" line 297: Output port <OFL> of the instance <XLXI_138> is unconnected or connected to loadless signal.
INFO:Xst:3210 - "D:\digitalLogic_slides\random\prj1\test4.vf" line 330: Output port <CO> of the instance <XLXI_233> is unconnected or connected to loadless signal.
INFO:Xst:3210 - "D:\digitalLogic_slides\random\prj1\test4.vf" line 330: Output port <OFL> of the instance <XLXI_233> is unconnected or connected to loadless signal.
INFO:Xst:3210 - "D:\digitalLogic_slides\random\prj1\test4.vf" line 364: Output port <CO> of the instance <XLXI_390> is unconnected or connected to loadless signal.
INFO:Xst:3210 - "D:\digitalLogic_slides\random\prj1\test4.vf" line 364: Output port <OFL> of the instance <XLXI_390> is unconnected or connected to loadless signal.
    Summary:
	no macro.
Unit <test4> synthesized.

Synthesizing Unit <CB4CE_HXILINX_test4>.
    Related source file is "D:\digitalLogic_slides\random\prj1\test4.vf".
    Found 1-bit register for signal <Q1>.
    Found 1-bit register for signal <Q2>.
    Found 1-bit register for signal <Q3>.
    Found 1-bit register for signal <Q0>.
    Found 4-bit adder for signal <Q3_GND_3_o_add_0_OUT> created at line 72.
    Summary:
	inferred   1 Adder/Subtractor(s).
	inferred   4 D-type flip-flop(s).
Unit <CB4CE_HXILINX_test4> synthesized.

Synthesizing Unit <ADD4_HXILINX_test4>.
    Related source file is "D:\digitalLogic_slides\random\prj1\test4.vf".
    Found 5-bit adder for signal <n0019> created at line 101.
    Found 5-bit adder for signal <n0011> created at line 101.
    Summary:
	inferred   2 Adder/Subtractor(s).
Unit <ADD4_HXILINX_test4> synthesized.

Synthesizing Unit <FD4CE_HXILINX_test4>.
    Related source file is "D:\digitalLogic_slides\random\prj1\test4.vf".
    Found 1-bit register for signal <Q1>.
    Found 1-bit register for signal <Q2>.
    Found 1-bit register for signal <Q3>.
    Found 1-bit register for signal <Q0>.
    Summary:
	inferred   4 D-type flip-flop(s).
Unit <FD4CE_HXILINX_test4> synthesized.

Synthesizing Unit <ADD8_HXILINX_test4>.
    Related source file is "D:\digitalLogic_slides\random\prj1\test4.vf".
    Found 9-bit adder for signal <n0019> created at line 118.
    Found 9-bit adder for signal <n0010> created at line 118.
    Summary:
	inferred   2 Adder/Subtractor(s).
Unit <ADD8_HXILINX_test4> synthesized.

Synthesizing Unit <FD8CE_HXILINX_test4>.
    Related source file is "D:\digitalLogic_slides\random\prj1\test4.vf".
    Found 8-bit register for signal <Q>.
    Summary:
	inferred   8 D-type flip-flop(s).
Unit <FD8CE_HXILINX_test4> synthesized.

Synthesizing Unit <FTCE_HXILINX_test4>.
    Related source file is "D:\digitalLogic_slides\random\prj1\test4.vf".
        INIT = 1'b0
    Found 1-bit register for signal <Q>.
    Summary:
	inferred   1 D-type flip-flop(s).
Unit <FTCE_HXILINX_test4> synthesized.

=========================================================================
HDL Synthesis Report

Macro Statistics
# Adders/Subtractors                                   : 9
 4-bit adder                                           : 1
 5-bit adder                                           : 2
 9-bit adder                                           : 6
# Registers                                            : 12
 1-bit register                                        : 9
 8-bit register                                        : 3

=========================================================================

=========================================================================
*                       Advanced HDL Synthesis                          *
=========================================================================


=========================================================================
Advanced HDL Synthesis Report

Macro Statistics
# Adders/Subtractors                                   : 5
 4-bit adder                                           : 1
 5-bit adder carry in                                  : 1
 9-bit adder carry in                                  : 3
# Registers                                            : 33
 Flip-Flops                                            : 33

=========================================================================

=========================================================================
*                         Low Level Synthesis                           *
=========================================================================

ERROR:Xst:528 - Multi-source in Unit <test4> on signal <m>; this signal is connected to multiple drivers.
Drivers are: 
   Output signal of OR2 instance <XLXI_268>
   Output signal of AND2 instance <XLXI_394>
   Output signal of AND2 instance <XLXI_395>


Total REAL time to Xst completion: 11.00 secs
Total CPU time to Xst completion: 10.35 secs
 
--> 

Total memory usage is 458812 kilobytes

Number of errors   :    1 (   0 filtered)
Number of warnings :    1 (   0 filtered)
Number of infos    :   10 (   0 filtered)

